--------- beginning of main
05-21 01:05:09.810 15565 15565 I bwgn    : (REDACTED) onApplyWindowInsets: systemWindowInsets=%s
05-21 01:05:09.810 15565 15565 I bwgn    : (REDACTED) onApplyWindowInsets: systemWindowInsets=%s
05-21 01:05:09.838 19088 19088 E cmd     : BBinder_init Processname  cmd  
05-21 01:05:09.839 19088 19088 E cmd     : BBinder_init hasGetProcessName  cmd
05-21 01:05:09.846  6307  6307 W y       : onStartInput event aborted
05-21 01:05:09.846  6307  6307 W y       : yb0.v: could not obtain extracted text
05-21 01:05:09.846  6307  6307 W y       : 	at yb0.m0.H(Unknown Source:329)
05-21 01:05:09.846  6307  6307 W y       : 	at c70.h0.h(Unknown Source:283)
05-21 01:05:09.846  6307  6307 W y       : 	at c70.o5.h(Unknown Source:2)
05-21 01:05:09.846  6307  6307 W y       : 	at com.touchtype.KeyboardService.onStartInput(Unknown Source:11)
05-21 01:05:09.846  6307  6307 W y       : 	at android.inputmethodservice.InputMethodService.doStartInput(InputMethodService.java:3633)
05-21 01:05:09.846  6307  6307 W y       : 	at android.inputmethodservice.InputMethodService$InputMethodImpl.startInput(InputMethodService.java:886)
05-21 01:05:09.846  6307  6307 W y       : 	at android.inputmethodservice.InputMethodService$InputMethodImpl.dispatchStartInput(InputMethodService.java:915)
05-21 01:05:09.846  6307  6307 W y       : 	at android.inputmethodservice.IInputMethodWrapper.executeMessage(IInputMethodWrapper.java:204)
05-21 01:05:09.846  6307  6307 W y       : 	at com.android.internal.os.HandlerCaller$MyHandler.handleMessage(HandlerCaller.java:44)
05-21 01:05:09.846  6307  6307 W y       : 	at android.os.Handler.dispatchMessage(Handler.java:114)
05-21 01:05:09.846  6307  6307 W y       : 	at android.os.Looper.loopOnce(Looper.java:266)
05-21 01:05:09.846  6307  6307 W y       : 	at android.os.Looper.loop(Looper.java:361)
05-21 01:05:09.846  6307  6307 W y       : 	at android.app.ActivityThread.main(ActivityThread.java:10308)
05-21 01:05:09.846  6307  6307 W y       : 	at java.lang.reflect.Method.invoke(Native Method)
05-21 01:05:09.846  6307  6307 W y       : 	at com.android.internal.os.RuntimeInit$MethodAndArgsCaller.run(RuntimeInit.java:675)
05-21 01:05:09.846  6307  6307 W y       : 	at com.android.internal.os.ZygoteInit.main(ZygoteInit.java:1002)
05-21 01:05:09.914  6348 16166 I eija    : (REDACTED) HDM. appOpsListener %s %s
05-21 01:05:09.915  6348 16166 I eija    : (REDACTED) HDM. Ignoring irrelevant audio permission changes for package %s
05-21 01:05:09.973 15565 24581 W CameraManagerGlobal: ignore the torch status update of camera: 2
05-21 01:05:09.974  6338 25769 W CameraManagerGlobal: ignore the torch status update of camera: 2
05-21 01:05:09.974 23201  5143 W CameraManagerGlobal: ignore the torch status update of camera: 2
05-21 01:05:09.974  6338 25769 W CameraManagerGlobal: ignore the torch status update of camera: 3
05-21 01:05:09.974 21600 11121 W CameraManagerGlobal: ignore the torch status update of camera: 2
05-21 01:05:09.999  6338 25769 W CameraManagerGlobal: ignore the torch status update of camera: 4
05-21 01:05:09.999 15565 24581 W CameraManagerGlobal: ignore the torch status update of camera: 3
05-21 01:05:10.001 15565 15881 W CameraManagerGlobal: ignore the torch status update of camera: 4
05-21 01:05:10.001 15565 15881 W CameraManagerGlobal: ignore the torch status update of camera: 5
05-21 01:05:10.003  6338 25769 W CameraManagerGlobal: ignore the torch status update of camera: 5
05-21 01:05:10.005 23201  5143 W CameraManagerGlobal: ignore the torch status update of camera: 3
05-21 01:05:10.007 21600 11121 W CameraManagerGlobal: ignore the torch status update of camera: 3
05-21 01:05:10.008 21600 15481 W CameraManagerGlobal: ignore the torch status update of camera: 4
05-21 01:05:10.009 21600 11121 W CameraManagerGlobal: ignore the torch status update of camera: 5
05-21 01:05:10.023 23201  5143 W CameraManagerGlobal: ignore the torch status update of camera: 4
05-21 01:05:10.024 23201 23299 W CameraManagerGlobal: ignore the torch status update of camera: 5
05-21 01:05:10.032 20941 12679 W CameraManagerGlobal: ignore the torch status update of camera: 2
05-21 01:05:10.033 19546 16849 W CameraManagerGlobal: ignore the torch status update of camera: 2
05-21 01:05:10.033 20941 12679 W CameraManagerGlobal: ignore the torch status update of camera: 3
05-21 01:05:10.036 19546 16849 W CameraManagerGlobal: ignore the torch status update of camera: 3
05-21 01:05:10.036 20941 29366 W CameraManagerGlobal: ignore the torch status update of camera: 4
05-21 01:05:10.037 19546 16849 W CameraManagerGlobal: ignore the torch status update of camera: 4
05-21 01:05:10.037 23422 24184 W CameraManagerGlobal: ignore the torch status update of camera: 2
05-21 01:05:10.038 19546 16849 W CameraManagerGlobal: ignore the torch status update of camera: 5
05-21 01:05:10.038 20941 29366 W CameraManagerGlobal: ignore the torch status update of camera: 5
05-21 01:05:10.038 23422 24184 W CameraManagerGlobal: ignore the torch status update of camera: 3
05-21 01:05:10.038 23422 24184 W CameraManagerGlobal: ignore the torch status update of camera: 4
05-21 01:05:10.040 23422 24184 W CameraManagerGlobal: ignore the torch status update of camera: 5
05-21 01:05:10.046 19115 19115 E cmd     : BBinder_init Processname  cmd  
05-21 01:05:10.046 19115 19115 E cmd     : BBinder_init hasGetProcessName  cmd
05-21 01:05:10.071  7822  7822 I WatchSettings_Watch6*: SettingsCompanion > Talkback is on : false isFirstOn : true
05-21 01:05:10.093  7034  7766 I NotificationPipeline: Processing notification dismissal on phone: 0|android|0|com.android.server.wm.AlertWindowNotification - com.ckzhang.remotecap|1000
05-21 01:05:10.093  7034  7766 I Notification4Watch6_NB: NotificationBridgeCallback.onNotificationRemoved->>> Enter <<<
05-21 01:05:10.094  7034  7766 I Notification4Watch6_NB: PendingManager.requestListenerHints - [Type : RECOVER]
05-21 01:05:10.094  7034  7766 I Notification4Watch6_NB: NotificationBridgeApi.requestListenerHints-last: RECOVER_EFFECTS, set: RECOVER_EFFECTS
05-21 01:05:10.095  7034  7766 I Notification4Watch6_NB: PhoneStatus.isActive-isScreenOn: true, isKeyLocked: false
05-21 01:05:10.096  7034  7766 W Notification4Watch6_NB: PendingManager.onBridgeFlushQueueEvent-pending maintain why USING_PHONE
05-21 01:05:10.096  7034  7766 I NotifDismissalHandler: Notification 0|android|0|com.android.server.wm.AlertWindowNotification - com.ckzhang.remotecap|1000 dismissed on phone, deleting data item /bridger/stream_item:1cb69065:android:0:com.android.server.wm.AlertWindowNotification~20-~20com.ckzhang.remotecap:0~7Candroid~7C0~7Ccom.android.server.wm.AlertWindowNotification~20-~20com.ckzhang.remotecap~7C1000
05-21 01:05:10.098  7034  7766 I NotificationImportance: Falling back to notification fields
05-21 01:05:10.100  7034  7766 W NotifFrequencyLogger: Missing frequency data when notification is being removed
05-21 01:05:10.150  6348 16166 I eija    : (REDACTED) HDM. appOpsListener %s %s
05-21 01:05:10.150  6348 16166 I eija    : (REDACTED) HDM. Ignoring irrelevant audio permission changes for package %s
05-21 01:05:10.245 15565 15892 E dbaq    : LensApi is no longer supported on SDK 36. Please start Lens using an Intent instead. See https://docs.partner.android.com/gms/building/apps/lens
05-21 01:05:10.264  6348 16166 I eija    : (REDACTED) HDM. appOpsListener %s %s
05-21 01:05:10.264  6348 16166 I eija    : (REDACTED) HDM. Ignoring irrelevant audio permission changes for package %s
05-21 01:05:10.278  6334  6621 D SQLiteQueryBuilder: SELECT _data, orientation, owner_package_name, title, duration, _size, bucket_id, date_added, datetaken, date_modified, media_type, mime_type, is_trashed, width, date_expires, _id, generation_modified, is_pending, bucket_display_name, height FROM files WHERE ((owner_package_name IN ( 'com.google.android.apps.photos' ) OR media_type=2 OR media_type=4 OR media_type=5 OR media_type=3 OR media_type=5 OR media_type=1) AND (((is_pending=0 AND NOT _modifier=4) OR (is_pending=1 AND lower(_data) NOT REGEXP '.*/\.pending-(\d+)-([^/]+)$' AND owner_package_name IN ( 'com.google.android.apps.photos' )))) AND (volume_name IN ( 'external_primary' ))) AND ((
05-21 01:05:10.278  6334  6621 D SQLiteQueryBuilder:       ((media_type = 1 OR media_type = 3)
05-21 01:05:10.278  6334  6621 D SQLiteQueryBuilder:           AND (bucket_id IS NOT NULL OR _data IS NOT NULL))
05-21 01:05:10.278  6334  6621 D SQLiteQueryBuilder:         AND (generation_modified > ?)
05-21 01:05:10.278  6334  6621 D SQLiteQueryBuilder:         AND (generation_modified < ?
05-21 01:05:10.278  6334  6621 D SQLiteQueryBuilder:           OR (generation_modified = ? AND _id < ?))
05-21 01:05:10.278  6334  6621 D SQLiteQueryBuilder:         AND (is_pending = 0)
05-21 01:05:10.278  6334  6621 D SQLiteQueryBuilder:     )) ORDER BY generation_modified DESC, _id DESC LIMIT 75
05-21 01:05:10.323  7034  7034 I NotificationListener: [Service]v6.1.9-eap02 Received new notification
05-21 01:05:10.323  7034  7766 I NotificationPipeline: Processing new notification: 0|org.blokada.origin.alarm|1|null|10386
05-21 01:05:10.323  7034  7766 I Notification4Watch6_NB: NotificationChecker.checkIgnoreCase - onGoing
05-21 01:05:10.324  7034  7766 W Notification4Watch6_NB: NotificationBridgeCallback.onNotificationPosted-Ignored package : [0] org.blokada.origin.alarm
05-21 01:05:10.324  7034  7766 I NotificationPipeline: Discarding notification: 0|org.blokada.origin.alarm|1|null|10386
05-21 01:05:10.359  7034  7034 I NotificationListener: [Service]v6.1.9-eap02 Received new notification
05-21 01:05:10.360  7034  7766 I NotificationPipeline: Processing new notification: 0|org.blokada.origin.alarm|1|null|10386
05-21 01:05:10.360  3460  3460 I id.ext.services: AssetManager2(0xb4000072a8615698) locale list changing from [] to [zh-Hant-TW]
05-21 01:05:10.361  7034  7766 I Notification4Watch6_NB: NotificationChecker.checkIgnoreCase - onGoing
05-21 01:05:10.361  7034  7766 W Notification4Watch6_NB: NotificationBridgeCallback.onNotificationPosted-Ignored package : [0] org.blokada.origin.alarm
05-21 01:05:10.361  7034  7766 I NotificationPipeline: Discarding notification: 0|org.blokada.origin.alarm|1|null|10386
05-21 01:05:10.461  6334  6621 D SQLiteQueryBuilder: SELECT _data, orientation, owner_package_name, title, duration, _size, bucket_id, date_added, datetaken, date_modified, media_type, mime_type, is_trashed, width, date_expires, _id, generation_modified, is_pending, bucket_display_name, height FROM files WHERE ((owner_package_name IN ( 'com.google.android.apps.photos' ) OR media_type=2 OR media_type=4 OR media_type=5 OR media_type=3 OR media_type=5 OR media_type=1) AND (((is_pending=0 AND NOT _modifier=4) OR (is_pending=1 AND lower(_data) NOT REGEXP '.*/\.pending-(\d+)-([^/]+)$' AND owner_package_name IN ( 'com.google.android.apps.photos' )))) AND (volume_name IN ( 'external_primary' ))) AND ((
05-21 01:05:10.461  6334  6621 D SQLiteQueryBuilder:       ((media_type = 1 OR media_type = 3)
05-21 01:05:10.461  6334  6621 D SQLiteQueryBuilder:           AND (bucket_id IS NOT NULL OR _data IS NOT NULL))
05-21 01:05:10.461  6334  6621 D SQLiteQueryBuilder:         AND (generation_modified > ?)
05-21 01:05:10.461  6334  6621 D SQLiteQueryBuilder:         AND (generation_modified < ?
05-21 01:05:10.461  6334  6621 D SQLiteQueryBuilder:           OR (generation_modified = ? AND _id < ?))
05-21 01:05:10.461  6334  6621 D SQLiteQueryBuilder:         AND (is_pending = 0)
05-21 01:05:10.461  6334  6621 D SQLiteQueryBuilder:     )) ORDER BY generation_modified DESC, _id DESC LIMIT 75
05-21 01:05:10.514  6334  6621 D SQLiteQueryBuilder: SELECT _data, orientation, owner_package_name, title, duration, _size, bucket_id, date_added, datetaken, date_modified, media_type, mime_type, is_trashed, width, date_expires, _id, generation_modified, is_pending, bucket_display_name, height FROM files WHERE ((owner_package_name IN ( 'com.google.android.apps.photos' ) OR media_type=2 OR media_type=4 OR media_type=5 OR media_type=3 OR media_type=5 OR media_type=1) AND (((is_pending=0 AND NOT _modifier=4) OR (is_pending=1 AND lower(_data) NOT REGEXP '.*/\.pending-(\d+)-([^/]+)$' AND owner_package_name IN ( 'com.google.android.apps.photos' )))) AND (volume_name IN ( 'external_primary' ))) AND ((((media_type = 1 OR media_type = 3) AND (bucket_id IS NOT NULL OR _data IS NOT NULL)) AND (generation_modified < ? OR generation_modified = ? AND _id < ?) AND is_pending = 0)) ORDER BY generation_modified DESC, _id DESC LIMIT 75
05-21 01:05:10.515 18185 18299 W JobInfo : Requested important-while-foreground flag for job555124003 is ignored and takes no effect
05-21 01:05:10.547  6334  6621 D SQLiteQueryBuilder: SELECT _data, orientation, owner_package_name, title, duration, _size, bucket_id, date_added, datetaken, date_modified, media_type, mime_type, is_trashed, width, date_expires, _id, generation_modified, is_pending, bucket_display_name, height FROM files WHERE ((owner_package_name IN ( 'com.google.android.apps.photos' ) OR media_type=2 OR media_type=4 OR media_type=5 OR media_type=3 OR media_type=5 OR media_type=1) AND (((is_pending=0 AND NOT _modifier=4) OR (is_pending=1 AND lower(_data) NOT REGEXP '.*/\.pending-(\d+)-([^/]+)$' AND owner_package_name IN ( 'com.google.android.apps.photos' )))) AND (volume_name IN ( 'external_primary' ))) AND ((
05-21 01:05:10.547  6334  6621 D SQLiteQueryBuilder:       ((media_type = 1 OR media_type = 3)
05-21 01:05:10.547  6334  6621 D SQLiteQueryBuilder:           AND (bucket_id IS NOT NULL OR _data IS NOT NULL))
05-21 01:05:10.547  6334  6621 D SQLiteQueryBuilder:         AND (generation_modified > ?)
05-21 01:05:10.547  6334  6621 D SQLiteQueryBuilder:         AND (generation_modified < ?
05-21 01:05:10.547  6334  6621 D SQLiteQueryBuilder:           OR (generation_modified = ? AND _id < ?))
05-21 01:05:10.547  6334  6621 D SQLiteQueryBuilder:         AND (is_pending = 0)
05-21 01:05:10.547  6334  6621 D SQLiteQueryBuilder:     )) ORDER BY generation_modified DESC, _id DESC LIMIT 75
05-21 01:05:10.577  6334  6621 D SQLiteQueryBuilder: SELECT _display_name, _data, date_added, is_pending FROM images WHERE ((_id='1000052840') AND (volume_name IN ( 'external_primary' ))) AND ((is_pending = 0)) ORDER BY date_added DESC LIMIT 1
05-21 01:05:10.620  6334  6621 D SQLiteQueryBuilder: SELECT _data, orientation, owner_package_name, title, duration, _size, bucket_id, date_added, datetaken, date_modified, media_type, mime_type, is_trashed, width, date_expires, _id, generation_modified, is_pending, bucket_display_name, height FROM files WHERE ((owner_package_name IN ( 'com.google.android.apps.photos' ) OR media_type=2 OR media_type=4 OR media_type=5 OR media_type=3 OR media_type=5 OR media_type=1) AND (((is_pending=0 AND NOT _modifier=4) OR (is_pending=1 AND lower(_data) NOT REGEXP '.*/\.pending-(\d+)-([^/]+)$' AND owner_package_name IN ( 'com.google.android.apps.photos' )))) AND (volume_name IN ( 'external_primary' ))) AND ((((media_type = 1 OR media_type = 3) AND (bucket_id IS NOT NULL OR _data IS NOT NULL)) AND (generation_modified < ? OR generation_modified = ? AND _id < ?) AND is_pending = 0)) ORDER BY generation_modified DESC, _id DESC LIMIT 75
05-21 01:05:11.094  7034  7034 I NotificationListener: [Service]v6.1.9-eap02 Received new notification
05-21 01:05:11.095  7034  7766 I NotificationPipeline: Processing new notification: 0|org.blokada.origin.alarm|1|null|10386
05-21 01:05:11.095  7034  7766 I Notification4Watch6_NB: NotificationChecker.checkIgnoreCase - onGoing
05-21 01:05:11.095  7034  7766 W Notification4Watch6_NB: NotificationBridgeCallback.onNotificationPosted-Ignored package : [0] org.blokada.origin.alarm
05-21 01:05:11.095  7034  7766 I NotificationPipeline: Discarding notification: 0|org.blokada.origin.alarm|1|null|10386
05-21 01:05:11.125 10879 10897 W oadcastreceiver: Reducing the number of considered missed Gc histogram windows from 319 to 100
05-21 01:05:11.137  7034  7034 I NotificationListener: [Service]v6.1.9-eap02 Received new notification
05-21 01:05:11.137  7034  7766 I NotificationPipeline: Processing new notification: 0|org.blokada.origin.alarm|1|null|10386
05-21 01:05:11.137  7034  7766 I Notification4Watch6_NB: NotificationChecker.checkIgnoreCase - onGoing
05-21 01:05:11.137  7034  7766 W Notification4Watch6_NB: NotificationBridgeCallback.onNotificationPosted-Ignored package : [0] org.blokada.origin.alarm
05-21 01:05:11.138  7034  7766 I NotificationPipeline: Discarding notification: 0|org.blokada.origin.alarm|1|null|10386
05-21 01:05:11.209  6334  6621 D SQLiteQueryBuilder: SELECT _id, media_type FROM files WHERE ((owner_package_name IN ( 'com.google.android.apps.photos' ) OR media_type=2 OR media_type=4 OR media_type=5 OR media_type=3 OR media_type=5 OR media_type=1) AND (((is_pending=0 AND NOT _modifier=4) OR (is_pending=1 AND lower(_data) NOT REGEXP '.*/\.pending-(\d+)-([^/]+)$' AND owner_package_name IN ( 'com.google.android.apps.photos' )))) AND (volume_name IN ( 'external_primary' ))) AND (((media_type = 1 OR media_type = 3) AND _id < ?)) ORDER BY _id DESC LIMIT 200
05-21 01:05:11.215  6334  6621 D SQLiteQueryBuilder: SELECT _id, media_type FROM files WHERE ((owner_package_name IN ( 'com.google.android.apps.photos' ) OR media_type=2 OR media_type=4 OR media_type=5 OR media_type=3 OR media_type=5 OR media_type=1) AND (((is_pending=0 AND NOT _modifier=4) OR (is_pending=1 AND lower(_data) NOT REGEXP '.*/\.pending-(\d+)-([^/]+)$' AND owner_package_name IN ( 'com.google.android.apps.photos' )))) AND (volume_name IN ( 'external_primary' ))) AND (((media_type = 1 OR media_type = 3) AND _id < ?)) ORDER BY _id DESC LIMIT 200
05-21 01:05:11.220  6334  6621 D SQLiteQueryBuilder: SELECT _id, media_type FROM files WHERE ((owner_package_name IN ( 'com.google.android.apps.photos' ) OR media_type=2 OR media_type=4 OR media_type=5 OR media_type=3 OR media_type=5 OR media_type=1) AND (((is_pending=0 AND NOT _modifier=4) OR (is_pending=1 AND lower(_data) NOT REGEXP '.*/\.pending-(\d+)-([^/]+)$' AND owner_package_name IN ( 'com.google.android.apps.photos' )))) AND (volume_name IN ( 'external_primary' ))) AND (((media_type = 1 OR media_type = 3) AND _id < ?)) ORDER BY _id DESC LIMIT 200
05-21 01:05:11.224  6334  6621 D SQLiteQueryBuilder: SELECT _id, media_type FROM files WHERE ((owner_package_name IN ( 'com.google.android.apps.photos' ) OR media_type=2 OR media_type=4 OR media_type=5 OR media_type=3 OR media_type=5 OR media_type=1) AND (((is_pending=0 AND NOT _modifier=4) OR (is_pending=1 AND lower(_data) NOT REGEXP '.*/\.pending-(\d+)-([^/]+)$' AND owner_package_name IN ( 'com.google.android.apps.photos' )))) AND (volume_name IN ( 'external_primary' ))) AND (((media_type = 1 OR media_type = 3) AND _id < ?)) ORDER BY _id DESC LIMIT 200
05-21 01:05:11.230  6334  6621 D SQLiteQueryBuilder: SELECT _id, media_type FROM files WHERE ((owner_package_name IN ( 'com.google.android.apps.photos' ) OR media_type=2 OR media_type=4 OR media_type=5 OR media_type=3 OR media_type=5 OR media_type=1) AND (((is_pending=0 AND NOT _modifier=4) OR (is_pending=1 AND lower(_data) NOT REGEXP '.*/\.pending-(\d+)-([^/]+)$' AND owner_package_name IN ( 'com.google.android.apps.photos' )))) AND (volume_name IN ( 'external_primary' ))) AND (((media_type = 1 OR media_type = 3) AND _id < ?)) ORDER BY _id DESC LIMIT 200
05-21 01:05:11.236  6334  6621 D SQLiteQueryBuilder: SELECT _id, media_type FROM files WHERE ((owner_package_name IN ( 'com.google.android.apps.photos' ) OR media_type=2 OR media_type=4 OR media_type=5 OR media_type=3 OR media_type=5 OR media_type=1) AND (((is_pending=0 AND NOT _modifier=4) OR (is_pending=1 AND lower(_data) NOT REGEXP '.*/\.pending-(\d+)-([^/]+)$' AND owner_package_name IN ( 'com.google.android.apps.photos' )))) AND (volume_name IN ( 'external_primary' ))) AND (((media_type = 1 OR media_type = 3) AND _id < ?)) ORDER BY _id DESC LIMIT 200
05-21 01:05:11.241  6334  6621 D SQLiteQueryBuilder: SELECT _id, media_type FROM files WHERE ((owner_package_name IN ( 'com.google.android.apps.photos' ) OR media_type=2 OR media_type=4 OR media_type=5 OR media_type=3 OR media_type=5 OR media_type=1) AND (((is_pending=0 AND NOT _modifier=4) OR (is_pending=1 AND lower(_data) NOT REGEXP '.*/\.pending-(\d+)-([^/]+)$' AND owner_package_name IN ( 'com.google.android.apps.photos' )))) AND (volume_name IN ( 'external_primary' ))) AND (((media_type = 1 OR media_type = 3) AND _id < ?)) ORDER BY _id DESC LIMIT 200
05-21 01:05:11.247  6334  6621 D SQLiteQueryBuilder: SELECT _id, media_type FROM files WHERE ((owner_package_name IN ( 'com.google.android.apps.photos' ) OR media_type=2 OR media_type=4 OR media_type=5 OR media_type=3 OR media_type=5 OR media_type=1) AND (((is_pending=0 AND NOT _modifier=4) OR (is_pending=1 AND lower(_data) NOT REGEXP '.*/\.pending-(\d+)-([^/]+)$' AND owner_package_name IN ( 'com.google.android.apps.photos' )))) AND (volume_name IN ( 'external_primary' ))) AND (((media_type = 1 OR media_type = 3) AND _id < ?)) ORDER BY _id DESC LIMIT 200
05-21 01:05:11.252  6334  6621 D SQLiteQueryBuilder: SELECT _id, media_type FROM files WHERE ((owner_package_name IN ( 'com.google.android.apps.photos' ) OR media_type=2 OR media_type=4 OR media_type=5 OR media_type=3 OR media_type=5 OR media_type=1) AND (((is_pending=0 AND NOT _modifier=4) OR (is_pending=1 AND lower(_data) NOT REGEXP '.*/\.pending-(\d+)-([^/]+)$' AND owner_package_name IN ( 'com.google.android.apps.photos' )))) AND (volume_name IN ( 'external_primary' ))) AND (((media_type = 1 OR media_type = 3) AND _id < ?)) ORDER BY _id DESC LIMIT 200
05-21 01:05:11.256  6334  6621 D SQLiteQueryBuilder: SELECT _id, media_type FROM files WHERE ((owner_package_name IN ( 'com.google.android.apps.photos' ) OR media_type=2 OR media_type=4 OR media_type=5 OR media_type=3 OR media_type=5 OR media_type=1) AND (((is_pending=0 AND NOT _modifier=4) OR (is_pending=1 AND lower(_data) NOT REGEXP '.*/\.pending-(\d+)-([^/]+)$' AND owner_package_name IN ( 'com.google.android.apps.photos' )))) AND (volume_name IN ( 'external_primary' ))) AND (((media_type = 1 OR media_type = 3) AND _id < ?)) ORDER BY _id DESC LIMIT 200
05-21 01:05:11.263  6334  6621 D SQLiteQueryBuilder: SELECT _id, media_type FROM files WHERE ((owner_package_name IN ( 'com.google.android.apps.photos' ) OR media_type=2 OR media_type=4 OR media_type=5 OR media_type=3 OR media_type=5 OR media_type=1) AND (((is_pending=0 AND NOT _modifier=4) OR (is_pending=1 AND lower(_data) NOT REGEXP '.*/\.pending-(\d+)-([^/]+)$' AND owner_package_name IN ( 'com.google.android.apps.photos' )))) AND (volume_name IN ( 'external_primary' ))) AND (((media_type = 1 OR media_type = 3) AND _id < ?)) ORDER BY _id DESC LIMIT 200
05-21 01:05:11.269  6334  6621 D SQLiteQueryBuilder: SELECT _id, media_type FROM files WHERE ((owner_package_name IN ( 'com.google.android.apps.photos' ) OR media_type=2 OR media_type=4 OR media_type=5 OR media_type=3 OR media_type=5 OR media_type=1) AND (((is_pending=0 AND NOT _modifier=4) OR (is_pending=1 AND lower(_data) NOT REGEXP '.*/\.pending-(\d+)-([^/]+)$' AND owner_package_name IN ( 'com.google.android.apps.photos' )))) AND (volume_name IN ( 'external_primary' ))) AND (((media_type = 1 OR media_type = 3) AND _id < ?)) ORDER BY _id DESC LIMIT 200
05-21 01:05:11.276  6334  6621 D SQLiteQueryBuilder: SELECT _id, media_type FROM files WHERE ((owner_package_name IN ( 'com.google.android.apps.photos' ) OR media_type=2 OR media_type=4 OR media_type=5 OR media_type=3 OR media_type=5 OR media_type=1) AND (((is_pending=0 AND NOT _modifier=4) OR (is_pending=1 AND lower(_data) NOT REGEXP '.*/\.pending-(\d+)-([^/]+)$' AND owner_package_name IN ( 'com.google.android.apps.photos' )))) AND (volume_name IN ( 'external_primary' ))) AND (((media_type = 1 OR media_type = 3) AND _id < ?)) ORDER BY _id DESC LIMIT 200
05-21 01:05:11.282  6334  6621 D SQLiteQueryBuilder: SELECT _id, media_type FROM files WHERE ((owner_package_name IN ( 'com.google.android.apps.photos' ) OR media_type=2 OR media_type=4 OR media_type=5 OR media_type=3 OR media_type=5 OR media_type=1) AND (((is_pending=0 AND NOT _modifier=4) OR (is_pending=1 AND lower(_data) NOT REGEXP '.*/\.pending-(\d+)-([^/]+)$' AND owner_package_name IN ( 'com.google.android.apps.photos' )))) AND (volume_name IN ( 'external_primary' ))) AND (((media_type = 1 OR media_type = 3) AND _id < ?)) ORDER BY _id DESC LIMIT 200
05-21 01:05:11.289  6334  6621 D SQLiteQueryBuilder: SELECT _id, media_type FROM files WHERE ((owner_package_name IN ( 'com.google.android.apps.photos' ) OR media_type=2 OR media_type=4 OR media_type=5 OR media_type=3 OR media_type=5 OR media_type=1) AND (((is_pending=0 AND NOT _modifier=4) OR (is_pending=1 AND lower(_data) NOT REGEXP '.*/\.pending-(\d+)-([^/]+)$' AND owner_package_name IN ( 'com.google.android.apps.photos' )))) AND (volume_name IN ( 'external_primary' ))) AND (((media_type = 1 OR media_type = 3) AND _id < ?)) ORDER BY _id DESC LIMIT 200
05-21 01:05:11.291  6348 16166 I eija    : (REDACTED) HDM. appOpsListener %s %s
05-21 01:05:11.291  6348 16166 I eija    : (REDACTED) HDM. Ignoring irrelevant audio permission changes for package %s
05-21 01:05:11.296  6334  6621 D SQLiteQueryBuilder: SELECT _id, media_type FROM files WHERE ((owner_package_name IN ( 'com.google.android.apps.photos' ) OR media_type=2 OR media_type=4 OR media_type=5 OR media_type=3 OR media_type=5 OR media_type=1) AND (((is_pending=0 AND NOT _modifier=4) OR (is_pending=1 AND lower(_data) NOT REGEXP '.*/\.pending-(\d+)-([^/]+)$' AND owner_package_name IN ( 'com.google.android.apps.photos' )))) AND (volume_name IN ( 'external_primary' ))) AND (((media_type = 1 OR media_type = 3) AND _id < ?)) ORDER BY _id DESC LIMIT 200
05-21 01:05:11.302  6334  6621 D SQLiteQueryBuilder: SELECT _id, media_type FROM files WHERE ((owner_package_name IN ( 'com.google.android.apps.photos' ) OR media_type=2 OR media_type=4 OR media_type=5 OR media_type=3 OR media_type=5 OR media_type=1) AND (((is_pending=0 AND NOT _modifier=4) OR (is_pending=1 AND lower(_data) NOT REGEXP '.*/\.pending-(\d+)-([^/]+)$' AND owner_package_name IN ( 'com.google.android.apps.photos' )))) AND (volume_name IN ( 'external_primary' ))) AND (((media_type = 1 OR media_type = 3) AND _id < ?)) ORDER BY _id DESC LIMIT 200
05-21 01:05:11.308  6334  6621 D SQLiteQueryBuilder: SELECT _id, media_type FROM files WHERE ((owner_package_name IN ( 'com.google.android.apps.photos' ) OR media_type=2 OR media_type=4 OR media_type=5 OR media_type=3 OR media_type=5 OR media_type=1) AND (((is_pending=0 AND NOT _modifier=4) OR (is_pending=1 AND lower(_data) NOT REGEXP '.*/\.pending-(\d+)-([^/]+)$' AND owner_package_name IN ( 'com.google.android.apps.photos' )))) AND (volume_name IN ( 'external_primary' ))) AND (((media_type = 1 OR media_type = 3) AND _id < ?)) ORDER BY _id DESC LIMIT 200
05-21 01:05:11.314  6334  6621 D SQLiteQueryBuilder: SELECT _id, media_type FROM files WHERE ((owner_package_name IN ( 'com.google.android.apps.photos' ) OR media_type=2 OR media_type=4 OR media_type=5 OR media_type=3 OR media_type=5 OR media_type=1) AND (((is_pending=0 AND NOT _modifier=4) OR (is_pending=1 AND lower(_data) NOT REGEXP '.*/\.pending-(\d+)-([^/]+)$' AND owner_package_name IN ( 'com.google.android.apps.photos' )))) AND (volume_name IN ( 'external_primary' ))) AND (((media_type = 1 OR media_type = 3) AND _id < ?)) ORDER BY _id DESC LIMIT 200
05-21 01:05:11.320  6334  6621 D SQLiteQueryBuilder: SELECT _id, media_type FROM files WHERE ((owner_package_name IN ( 'com.google.android.apps.photos' ) OR media_type=2 OR media_type=4 OR media_type=5 OR media_type=3 OR media_type=5 OR media_type=1) AND (((is_pending=0 AND NOT _modifier=4) OR (is_pending=1 AND lower(_data) NOT REGEXP '.*/\.pending-(\d+)-([^/]+)$' AND owner_package_name IN ( 'com.google.android.apps.photos' )))) AND (volume_name IN ( 'external_primary' ))) AND (((media_type = 1 OR media_type = 3) AND _id < ?)) ORDER BY _id DESC LIMIT 200
05-21 01:05:11.328  6334  6621 D SQLiteQueryBuilder: SELECT _id, media_type FROM files WHERE ((owner_package_name IN ( 'com.google.android.apps.photos' ) OR media_type=2 OR media_type=4 OR media_type=5 OR media_type=3 OR media_type=5 OR media_type=1) AND (((is_pending=0 AND NOT _modifier=4) OR (is_pending=1 AND lower(_data) NOT REGEXP '.*/\.pending-(\d+)-([^/]+)$' AND owner_package_name IN ( 'com.google.android.apps.photos' )))) AND (volume_name IN ( 'external_primary' ))) AND (((media_type = 1 OR media_type = 3) AND _id < ?)) ORDER BY _id DESC LIMIT 200
05-21 01:05:11.335  6334  6621 D SQLiteQueryBuilder: SELECT _id, media_type FROM files WHERE ((owner_package_name IN ( 'com.google.android.apps.photos' ) OR media_type=2 OR media_type=4 OR media_type=5 OR media_type=3 OR media_type=5 OR media_type=1) AND (((is_pending=0 AND NOT _modifier=4) OR (is_pending=1 AND lower(_data) NOT REGEXP '.*/\.pending-(\d+)-([^/]+)$' AND owner_package_name IN ( 'com.google.android.apps.photos' )))) AND (volume_name IN ( 'external_primary' ))) AND (((media_type = 1 OR media_type = 3) AND _id < ?)) ORDER BY _id DESC LIMIT 200
05-21 01:05:11.343  6334  6621 D SQLiteQueryBuilder: SELECT _id, media_type FROM files WHERE ((owner_package_name IN ( 'com.google.android.apps.photos' ) OR media_type=2 OR media_type=4 OR media_type=5 OR media_type=3 OR media_type=5 OR media_type=1) AND (((is_pending=0 AND NOT _modifier=4) OR (is_pending=1 AND lower(_data) NOT REGEXP '.*/\.pending-(\d+)-([^/]+)$' AND owner_package_name IN ( 'com.google.android.apps.photos' )))) AND (volume_name IN ( 'external_primary' ))) AND (((media_type = 1 OR media_type = 3) AND _id < ?)) ORDER BY _id DESC LIMIT 200
05-21 01:05:11.351  6334  6621 D SQLiteQueryBuilder: SELECT _id, media_type FROM files WHERE ((owner_package_name IN ( 'com.google.android.apps.photos' ) OR media_type=2 OR media_type=4 OR media_type=5 OR media_type=3 OR media_type=5 OR media_type=1) AND (((is_pending=0 AND NOT _modifier=4) OR (is_pending=1 AND lower(_data) NOT REGEXP '.*/\.pending-(\d+)-([^/]+)$' AND owner_package_name IN ( 'com.google.android.apps.photos' )))) AND (volume_name IN ( 'external_primary' ))) AND (((media_type = 1 OR media_type = 3) AND _id < ?)) ORDER BY _id DESC LIMIT 200
05-21 01:05:11.357  6334  6621 D SQLiteQueryBuilder: SELECT _id, media_type FROM files WHERE ((owner_package_name IN ( 'com.google.android.apps.photos' ) OR media_type=2 OR media_type=4 OR media_type=5 OR media_type=3 OR media_type=5 OR media_type=1) AND (((is_pending=0 AND NOT _modifier=4) OR (is_pending=1 AND lower(_data) NOT REGEXP '.*/\.pending-(\d+)-([^/]+)$' AND owner_package_name IN ( 'com.google.android.apps.photos' )))) AND (volume_name IN ( 'external_primary' ))) AND (((media_type = 1 OR media_type = 3) AND _id < ?)) ORDER BY _id DESC LIMIT 200
05-21 01:05:11.365  6334  6621 D SQLiteQueryBuilder: SELECT _id, media_type FROM files WHERE ((owner_package_name IN ( 'com.google.android.apps.photos' ) OR media_type=2 OR media_type=4 OR media_type=5 OR media_type=3 OR media_type=5 OR media_type=1) AND (((is_pending=0 AND NOT _modifier=4) OR (is_pending=1 AND lower(_data) NOT REGEXP '.*/\.pending-(\d+)-([^/]+)$' AND owner_package_name IN ( 'com.google.android.apps.photos' )))) AND (volume_name IN ( 'external_primary' ))) AND (((media_type = 1 OR media_type = 3) AND _id < ?)) ORDER BY _id DESC LIMIT 200
05-21 01:05:11.371  6334  6621 D SQLiteQueryBuilder: SELECT _id, media_type FROM files WHERE ((owner_package_name IN ( 'com.google.android.apps.photos' ) OR media_type=2 OR media_type=4 OR media_type=5 OR media_type=3 OR media_type=5 OR media_type=1) AND (((is_pending=0 AND NOT _modifier=4) OR (is_pending=1 AND lower(_data) NOT REGEXP '.*/\.pending-(\d+)-([^/]+)$' AND owner_package_name IN ( 'com.google.android.apps.photos' )))) AND (volume_name IN ( 'external_primary' ))) AND (((media_type = 1 OR media_type = 3) AND _id < ?)) ORDER BY _id DESC LIMIT 200
05-21 01:05:11.377  6334  6621 D SQLiteQueryBuilder: SELECT _id, media_type FROM files WHERE ((owner_package_name IN ( 'com.google.android.apps.photos' ) OR media_type=2 OR media_type=4 OR media_type=5 OR media_type=3 OR media_type=5 OR media_type=1) AND (((is_pending=0 AND NOT _modifier=4) OR (is_pending=1 AND lower(_data) NOT REGEXP '.*/\.pending-(\d+)-([^/]+)$' AND owner_package_name IN ( 'com.google.android.apps.photos' )))) AND (volume_name IN ( 'external_primary' ))) AND (((media_type = 1 OR media_type = 3) AND _id < ?)) ORDER BY _id DESC LIMIT 200
05-21 01:05:11.383  6334  6621 D SQLiteQueryBuilder: SELECT _id, media_type FROM files WHERE ((owner_package_name IN ( 'com.google.android.apps.photos' ) OR media_type=2 OR media_type=4 OR media_type=5 OR media_type=3 OR media_type=5 OR media_type=1) AND (((is_pending=0 AND NOT _modifier=4) OR (is_pending=1 AND lower(_data) NOT REGEXP '.*/\.pending-(\d+)-([^/]+)$' AND owner_package_name IN ( 'com.google.android.apps.photos' )))) AND (volume_name IN ( 'external_primary' ))) AND (((media_type = 1 OR media_type = 3) AND _id < ?)) ORDER BY _id DESC LIMIT 200
05-21 01:05:11.390  6334  6621 D SQLiteQueryBuilder: SELECT _id, media_type FROM files WHERE ((owner_package_name IN ( 'com.google.android.apps.photos' ) OR media_type=2 OR media_type=4 OR media_type=5 OR media_type=3 OR media_type=5 OR media_type=1) AND (((is_pending=0 AND NOT _modifier=4) OR (is_pending=1 AND lower(_data) NOT REGEXP '.*/\.pending-(\d+)-([^/]+)$' AND owner_package_name IN ( 'com.google.android.apps.photos' )))) AND (volume_name IN ( 'external_primary' ))) AND (((media_type = 1 OR media_type = 3) AND _id < ?)) ORDER BY _id DESC LIMIT 200
05-21 01:05:11.400  6334  6621 D SQLiteQueryBuilder: SELECT _id, media_type FROM files WHERE ((owner_package_name IN ( 'com.google.android.apps.photos' ) OR media_type=2 OR media_type=4 OR media_type=5 OR media_type=3 OR media_type=5 OR media_type=1) AND (((is_pending=0 AND NOT _modifier=4) OR (is_pending=1 AND lower(_data) NOT REGEXP '.*/\.pending-(\d+)-([^/]+)$' AND owner_package_name IN ( 'com.google.android.apps.photos' )))) AND (volume_name IN ( 'external_primary' ))) AND (((media_type = 1 OR media_type = 3) AND _id < ?)) ORDER BY _id DESC LIMIT 200
05-21 01:05:11.407  6334  6621 D SQLiteQueryBuilder: SELECT _id, media_type FROM files WHERE ((owner_package_name IN ( 'com.google.android.apps.photos' ) OR media_type=2 OR media_type=4 OR media_type=5 OR media_type=3 OR media_type=5 OR media_type=1) AND (((is_pending=0 AND NOT _modifier=4) OR (is_pending=1 AND lower(_data) NOT REGEXP '.*/\.pending-(\d+)-([^/]+)$' AND owner_package_name IN ( 'com.google.android.apps.photos' )))) AND (volume_name IN ( 'external_primary' ))) AND (((media_type = 1 OR media_type = 3) AND _id < ?)) ORDER BY _id DESC LIMIT 200
05-21 01:05:11.415  6334  6621 D SQLiteQueryBuilder: SELECT _id, media_type FROM files WHERE ((owner_package_name IN ( 'com.google.android.apps.photos' ) OR media_type=2 OR media_type=4 OR media_type=5 OR media_type=3 OR media_type=5 OR media_type=1) AND (((is_pending=0 AND NOT _modifier=4) OR (is_pending=1 AND lower(_data) NOT REGEXP '.*/\.pending-(\d+)-([^/]+)$' AND owner_package_name IN ( 'com.google.android.apps.photos' )))) AND (volume_name IN ( 'external_primary' ))) AND (((media_type = 1 OR media_type = 3) AND _id < ?)) ORDER BY _id DESC LIMIT 200
05-21 01:05:11.423  6334  6621 D SQLiteQueryBuilder: SELECT _id, media_type FROM files WHERE ((owner_package_name IN ( 'com.google.android.apps.photos' ) OR media_type=2 OR media_type=4 OR media_type=5 OR media_type=3 OR media_type=5 OR media_type=1) AND (((is_pending=0 AND NOT _modifier=4) OR (is_pending=1 AND lower(_data) NOT REGEXP '.*/\.pending-(\d+)-([^/]+)$' AND owner_package_name IN ( 'com.google.android.apps.photos' )))) AND (volume_name IN ( 'external_primary' ))) AND (((media_type = 1 OR media_type = 3) AND _id < ?)) ORDER BY _id DESC LIMIT 200
05-21 01:05:11.433  6334 19432 D SQLiteQueryBuilder: SELECT _id, media_type FROM files WHERE ((owner_package_name IN ( 'com.google.android.apps.photos' ) OR media_type=2 OR media_type=4 OR media_type=5 OR media_type=3 OR media_type=5 OR media_type=1) AND (((is_pending=0 AND NOT _modifier=4) OR (is_pending=1 AND lower(_data) NOT REGEXP '.*/\.pending-(\d+)-([^/]+)$' AND owner_package_name IN ( 'com.google.android.apps.photos' )))) AND (volume_name IN ( 'external_primary' ))) AND (((media_type = 1 OR media_type = 3) AND _id < ?)) ORDER BY _id DESC LIMIT 200
05-21 01:05:11.442  6334 19432 D SQLiteQueryBuilder: SELECT _id, media_type FROM files WHERE ((owner_package_name IN ( 'com.google.android.apps.photos' ) OR media_type=2 OR media_type=4 OR media_type=5 OR media_type=3 OR media_type=5 OR media_type=1) AND (((is_pending=0 AND NOT _modifier=4) OR (is_pending=1 AND lower(_data) NOT REGEXP '.*/\.pending-(\d+)-([^/]+)$' AND owner_package_name IN ( 'com.google.android.apps.photos' )))) AND (volume_name IN ( 'external_primary' ))) AND (((media_type = 1 OR media_type = 3) AND _id < ?)) ORDER BY _id DESC LIMIT 200
05-21 01:05:11.451  6334 19432 D SQLiteQueryBuilder: SELECT _id, media_type FROM files WHERE ((owner_package_name IN ( 'com.google.android.apps.photos' ) OR media_type=2 OR media_type=4 OR media_type=5 OR media_type=3 OR media_type=5 OR media_type=1) AND (((is_pending=0 AND NOT _modifier=4) OR (is_pending=1 AND lower(_data) NOT REGEXP '.*/\.pending-(\d+)-([^/]+)$' AND owner_package_name IN ( 'com.google.android.apps.photos' )))) AND (volume_name IN ( 'external_primary' ))) AND (((media_type = 1 OR media_type = 3) AND _id < ?)) ORDER BY _id DESC LIMIT 200
05-21 01:05:11.460  6334 19432 D SQLiteQueryBuilder: SELECT _id, media_type FROM files WHERE ((owner_package_name IN ( 'com.google.android.apps.photos' ) OR media_type=2 OR media_type=4 OR media_type=5 OR media_type=3 OR media_type=5 OR media_type=1) AND (((is_pending=0 AND NOT _modifier=4) OR (is_pending=1 AND lower(_data) NOT REGEXP '.*/\.pending-(\d+)-([^/]+)$' AND owner_package_name IN ( 'com.google.android.apps.photos' )))) AND (volume_name IN ( 'external_primary' ))) AND (((media_type = 1 OR media_type = 3) AND _id < ?)) ORDER BY _id DESC LIMIT 200
05-21 01:05:11.582 21445 16477 I NearbySharing: Network state changed: NetworkState(isRestricted=false, isOnline=true, isCongested=false, isMetered=true, isWifiConnected=false)
05-21 01:05:11.752  6334 19432 D SQLiteQueryBuilder: SELECT _id, media_type FROM files WHERE ((owner_package_name IN ( 'com.google.android.apps.photos' ) OR media_type=2 OR media_type=4 OR media_type=5 OR media_type=3 OR media_type=5 OR media_type=1) AND (((is_pending=0 AND NOT _modifier=4) OR (is_pending=1 AND lower(_data) NOT REGEXP '.*/\.pending-(\d+)-([^/]+)$' AND owner_package_name IN ( 'com.google.android.apps.photos' )))) AND (volume_name IN ( 'external_primary' ))) AND (((media_type = 1 OR media_type = 3) AND _id < ?)) ORDER BY _id DESC LIMIT 200
05-21 01:05:11.761  6334 19432 D SQLiteQueryBuilder: SELECT _id, media_type FROM files WHERE ((owner_package_name IN ( 'com.google.android.apps.photos' ) OR media_type=2 OR media_type=4 OR media_type=5 OR media_type=3 OR media_type=5 OR media_type=1) AND (((is_pending=0 AND NOT _modifier=4) OR (is_pending=1 AND lower(_data) NOT REGEXP '.*/\.pending-(\d+)-([^/]+)$' AND owner_package_name IN ( 'com.google.android.apps.photos' )))) AND (volume_name IN ( 'external_primary' ))) AND (((media_type = 1 OR media_type = 3) AND _id < ?)) ORDER BY _id DESC LIMIT 200
05-21 01:05:11.769  6334 19432 D SQLiteQueryBuilder: SELECT _id, media_type FROM files WHERE ((owner_package_name IN ( 'com.google.android.apps.photos' ) OR media_type=2 OR media_type=4 OR media_type=5 OR media_type=3 OR media_type=5 OR media_type=1) AND (((is_pending=0 AND NOT _modifier=4) OR (is_pending=1 AND lower(_data) NOT REGEXP '.*/\.pending-(\d+)-([^/]+)$' AND owner_package_name IN ( 'com.google.android.apps.photos' )))) AND (volume_name IN ( 'external_primary' ))) AND (((media_type = 1 OR media_type = 3) AND _id < ?)) ORDER BY _id DESC LIMIT 200
05-21 01:05:11.775  6334 19432 D SQLiteQueryBuilder: SELECT _id, media_type FROM files WHERE ((owner_package_name IN ( 'com.google.android.apps.photos' ) OR media_type=2 OR media_type=4 OR media_type=5 OR media_type=3 OR media_type=5 OR media_type=1) AND (((is_pending=0 AND NOT _modifier=4) OR (is_pending=1 AND lower(_data) NOT REGEXP '.*/\.pending-(\d+)-([^/]+)$' AND owner_package_name IN ( 'com.google.android.apps.photos' )))) AND (volume_name IN ( 'external_primary' ))) AND (((media_type = 1 OR media_type = 3) AND _id < ?)) ORDER BY _id DESC LIMIT 200
05-21 01:05:11.783  6334 19432 D SQLiteQueryBuilder: SELECT _id, media_type FROM files WHERE ((owner_package_name IN ( 'com.google.android.apps.photos' ) OR media_type=2 OR media_type=4 OR media_type=5 OR media_type=3 OR media_type=5 OR media_type=1) AND (((is_pending=0 AND NOT _modifier=4) OR (is_pending=1 AND lower(_data) NOT REGEXP '.*/\.pending-(\d+)-([^/]+)$' AND owner_package_name IN ( 'com.google.android.apps.photos' )))) AND (volume_name IN ( 'external_primary' ))) AND (((media_type = 1 OR media_type = 3) AND _id < ?)) ORDER BY _id DESC LIMIT 200
05-21 01:05:11.790  6334 19432 D SQLiteQueryBuilder: SELECT _id, media_type FROM files WHERE ((owner_package_name IN ( 'com.google.android.apps.photos' ) OR media_type=2 OR media_type=4 OR media_type=5 OR media_type=3 OR media_type=5 OR media_type=1) AND (((is_pending=0 AND NOT _modifier=4) OR (is_pending=1 AND lower(_data) NOT REGEXP '.*/\.pending-(\d+)-([^/]+)$' AND owner_package_name IN ( 'com.google.android.apps.photos' )))) AND (volume_name IN ( 'external_primary' ))) AND (((media_type = 1 OR media_type = 3) AND _id < ?)) ORDER BY _id DESC LIMIT 200
05-21 01:05:11.798  6334 19432 D SQLiteQueryBuilder: SELECT _id, media_type FROM files WHERE ((owner_package_name IN ( 'com.google.android.apps.photos' ) OR media_type=2 OR media_type=4 OR media_type=5 OR media_type=3 OR media_type=5 OR media_type=1) AND (((is_pending=0 AND NOT _modifier=4) OR (is_pending=1 AND lower(_data) NOT REGEXP '.*/\.pending-(\d+)-([^/]+)$' AND owner_package_name IN ( 'com.google.android.apps.photos' )))) AND (volume_name IN ( 'external_primary' ))) AND (((media_type = 1 OR media_type = 3) AND _id < ?)) ORDER BY _id DESC LIMIT 200
05-21 01:05:11.804  6334 19432 D SQLiteQueryBuilder: SELECT _id, media_type FROM files WHERE ((owner_package_name IN ( 'com.google.android.apps.photos' ) OR media_type=2 OR media_type=4 OR media_type=5 OR media_type=3 OR media_type=5 OR media_type=1) AND (((is_pending=0 AND NOT _modifier=4) OR (is_pending=1 AND lower(_data) NOT REGEXP '.*/\.pending-(\d+)-([^/]+)$' AND owner_package_name IN ( 'com.google.android.apps.photos' )))) AND (volume_name IN ( 'external_primary' ))) AND (((media_type = 1 OR media_type = 3) AND _id < ?)) ORDER BY _id DESC LIMIT 200
05-21 01:05:11.810  6334 19432 D SQLiteQueryBuilder: SELECT _id, media_type FROM files WHERE ((owner_package_name IN ( 'com.google.android.apps.photos' ) OR media_type=2 OR media_type=4 OR media_type=5 OR media_type=3 OR media_type=5 OR media_type=1) AND (((is_pending=0 AND NOT _modifier=4) OR (is_pending=1 AND lower(_data) NOT REGEXP '.*/\.pending-(\d+)-([^/]+)$' AND owner_package_name IN ( 'com.google.android.apps.photos' )))) AND (volume_name IN ( 'external_primary' ))) AND (((media_type = 1 OR media_type = 3) AND _id < ?)) ORDER BY _id DESC LIMIT 200
05-21 01:05:11.817  6334 19432 D SQLiteQueryBuilder: SELECT _id, media_type FROM files WHERE ((owner_package_name IN ( 'com.google.android.apps.photos' ) OR media_type=2 OR media_type=4 OR media_type=5 OR media_type=3 OR media_type=5 OR media_type=1) AND (((is_pending=0 AND NOT _modifier=4) OR (is_pending=1 AND lower(_data) NOT REGEXP '.*/\.pending-(\d+)-([^/]+)$' AND owner_package_name IN ( 'com.google.android.apps.photos' )))) AND (volume_name IN ( 'external_primary' ))) AND (((media_type = 1 OR media_type = 3) AND _id < ?)) ORDER BY _id DESC LIMIT 200
05-21 01:05:11.824  6334 19432 D SQLiteQueryBuilder: SELECT _id, media_type FROM files WHERE ((owner_package_name IN ( 'com.google.android.apps.photos' ) OR media_type=2 OR media_type=4 OR media_type=5 OR media_type=3 OR media_type=5 OR media_type=1) AND (((is_pending=0 AND NOT _modifier=4) OR (is_pending=1 AND lower(_data) NOT REGEXP '.*/\.pending-(\d+)-([^/]+)$' AND owner_package_name IN ( 'com.google.android.apps.photos' )))) AND (volume_name IN ( 'external_primary' ))) AND (((media_type = 1 OR media_type = 3) AND _id < ?)) ORDER BY _id DESC LIMIT 200
05-21 01:05:11.833  6334 19432 D SQLiteQueryBuilder: SELECT _id, media_type FROM files WHERE ((owner_package_name IN ( 'com.google.android.apps.photos' ) OR media_type=2 OR media_type=4 OR media_type=5 OR media_type=3 OR media_type=5 OR media_type=1) AND (((is_pending=0 AND NOT _modifier=4) OR (is_pending=1 AND lower(_data) NOT REGEXP '.*/\.pending-(\d+)-([^/]+)$' AND owner_package_name IN ( 'com.google.android.apps.photos' )))) AND (volume_name IN ( 'external_primary' ))) AND (((media_type = 1 OR media_type = 3) AND _id < ?)) ORDER BY _id DESC LIMIT 200
05-21 01:05:12.003  6334 19432 W ratelimit: Single process limit 50/s drop 25 lines.
05-21 01:05:12.003  6334 19432 D SQLiteQueryBuilder: SELECT _id, media_type FROM files WHERE ((owner_package_name IN ( 'com.google.android.apps.photos' ) OR media_type=2 OR media_type=4 OR media_type=5 OR media_type=3 OR media_type=5 OR media_type=1) AND (((is_pending=0 AND NOT _modifier=4) OR (is_pending=1 AND lower(_data) NOT REGEXP '.*/\.pending-(\d+)-([^/]+)$' AND owner_package_name IN ( 'com.google.android.apps.photos' )))) AND (volume_name IN ( 'external_primary' ))) AND (((media_type = 1 OR media_type = 3) AND _id < ?)) ORDER BY _id DESC LIMIT 200
05-21 01:05:12.010  6334 19432 D SQLiteQueryBuilder: SELECT _id, media_type FROM files WHERE ((owner_package_name IN ( 'com.google.android.apps.photos' ) OR media_type=2 OR media_type=4 OR media_type=5 OR media_type=3 OR media_type=5 OR media_type=1) AND (((is_pending=0 AND NOT _modifier=4) OR (is_pending=1 AND lower(_data) NOT REGEXP '.*/\.pending-(\d+)-([^/]+)$' AND owner_package_name IN ( 'com.google.android.apps.photos' )))) AND (volume_name IN ( 'external_primary' ))) AND (((media_type = 1 OR media_type = 3) AND _id < ?)) ORDER BY _id DESC LIMIT 200
05-21 01:05:12.018  6334 19432 D SQLiteQueryBuilder: SELECT _id, media_type FROM files WHERE ((owner_package_name IN ( 'com.google.android.apps.photos' ) OR media_type=2 OR media_type=4 OR media_type=5 OR media_type=3 OR media_type=5 OR media_type=1) AND (((is_pending=0 AND NOT _modifier=4) OR (is_pending=1 AND lower(_data) NOT REGEXP '.*/\.pending-(\d+)-([^/]+)$' AND owner_package_name IN ( 'com.google.android.apps.photos' )))) AND (volume_name IN ( 'external_primary' ))) AND (((media_type = 1 OR media_type = 3) AND _id < ?)) ORDER BY _id DESC LIMIT 200
05-21 01:05:12.030  6334 19432 D SQLiteQueryBuilder: SELECT _id, media_type FROM files WHERE ((owner_package_name IN ( 'com.google.android.apps.photos' ) OR media_type=2 OR media_type=4 OR media_type=5 OR media_type=3 OR media_type=5 OR media_type=1) AND (((is_pending=0 AND NOT _modifier=4) OR (is_pending=1 AND lower(_data) NOT REGEXP '.*/\.pending-(\d+)-([^/]+)$' AND owner_package_name IN ( 'com.google.android.apps.photos' )))) AND (volume_name IN ( 'external_primary' ))) AND (((media_type = 1 OR media_type = 3) AND _id < ?)) ORDER BY _id DESC LIMIT 200
05-21 01:05:12.037  6334 19432 D SQLiteQueryBuilder: SELECT _id, media_type FROM files WHERE ((owner_package_name IN ( 'com.google.android.apps.photos' ) OR media_type=2 OR media_type=4 OR media_type=5 OR media_type=3 OR media_type=5 OR media_type=1) AND (((is_pending=0 AND NOT _modifier=4) OR (is_pending=1 AND lower(_data) NOT REGEXP '.*/\.pending-(\d+)-([^/]+)$' AND owner_package_name IN ( 'com.google.android.apps.photos' )))) AND (volume_name IN ( 'external_primary' ))) AND (((media_type = 1 OR media_type = 3) AND _id < ?)) ORDER BY _id DESC LIMIT 200
05-21 01:05:12.045  6334 19432 D SQLiteQueryBuilder: SELECT _id, media_type FROM files WHERE ((owner_package_name IN ( 'com.google.android.apps.photos' ) OR media_type=2 OR media_type=4 OR media_type=5 OR media_type=3 OR media_type=5 OR media_type=1) AND (((is_pending=0 AND NOT _modifier=4) OR (is_pending=1 AND lower(_data) NOT REGEXP '.*/\.pending-(\d+)-([^/]+)$' AND owner_package_name IN ( 'com.google.android.apps.photos' )))) AND (volume_name IN ( 'external_primary' ))) AND (((media_type = 1 OR media_type = 3) AND _id < ?)) ORDER BY _id DESC LIMIT 200
05-21 01:05:12.052  6334 19432 D SQLiteQueryBuilder: SELECT _id, media_type FROM files WHERE ((owner_package_name IN ( 'com.google.android.apps.photos' ) OR media_type=2 OR media_type=4 OR media_type=5 OR media_type=3 OR media_type=5 OR media_type=1) AND (((is_pending=0 AND NOT _modifier=4) OR (is_pending=1 AND lower(_data) NOT REGEXP '.*/\.pending-(\d+)-([^/]+)$' AND owner_package_name IN ( 'com.google.android.apps.photos' )))) AND (volume_name IN ( 'external_primary' ))) AND (((media_type = 1 OR media_type = 3) AND _id < ?)) ORDER BY _id DESC LIMIT 200
05-21 01:05:12.060  6334 19432 D SQLiteQueryBuilder: SELECT _id, media_type FROM files WHERE ((owner_package_name IN ( 'com.google.android.apps.photos' ) OR media_type=2 OR media_type=4 OR media_type=5 OR media_type=3 OR media_type=5 OR media_type=1) AND (((is_pending=0 AND NOT _modifier=4) OR (is_pending=1 AND lower(_data) NOT REGEXP '.*/\.pending-(\d+)-([^/]+)$' AND owner_package_name IN ( 'com.google.android.apps.photos' )))) AND (volume_name IN ( 'external_primary' ))) AND (((media_type = 1 OR media_type = 3) AND _id < ?)) ORDER BY _id DESC LIMIT 200
